// Jest Snapshot v1, https://goo.gl/fbAQLP

exports[`renders <Container /> 1`] = `
<div
  className="css-v9hew4"
/>
`;
