// Jest Snapshot v1, https://goo.gl/fbAQLP

exports[`renders <Piece /> 1`] = `
<div
  className="sc-bdVaJa eIPZSX"
  onClick={[Function]}
  type="PAWN"
  x="a"
>
  <img
    src={Object {}}
  />
</div>
`;
