// Jest Snapshot v1, https://goo.gl/fbAQLP

exports[`renders <A Component /> 1`] = `
<div>
  Getting game data ...
</div>
`;
